==============================
n = 50000, m = 25000, sigma = 100, eps = 0.200, algo = 6

Alg name: Freq prod heuristic with magic short circuit

Round 0 time: 0.021212s
Round 0 approximation ratio: 0.020882

Round 1 time: 0.020636s
Round 1 approximation ratio: 0.020504

Round 2 time: 0.020399s
Round 2 approximation ratio: 0.020797

Round 3 time: 0.020436s
Round 3 approximation ratio: 0.021270

Round 4 time: 0.020423s
Round 4 approximation ratio: 0.022372

Average time: 0.020621s, Average approx ratio: 0.021165, Max approx ratio: 0.022372
==============================
n = 200000, m = 100000, sigma = 100, eps = 0.200, algo = 6

Alg name: Freq prod heuristic with magic short circuit

Round 0 time: 0.092466s
Round 0 approximation ratio: 0.015721

Round 1 time: 0.090295s
Round 1 approximation ratio: 0.015912

Round 2 time: 0.090696s
Round 2 approximation ratio: 0.016054

Round 3 time: 0.090562s
Round 3 approximation ratio: 0.015686

Round 4 time: 0.090461s
Round 4 approximation ratio: 0.016101

Average time: 0.090896s, Average approx ratio: 0.015895, Max approx ratio: 0.016101
==============================
n = 1000000, m = 500000, sigma = 100, eps = 0.200, algo = 6

Alg name: Freq prod heuristic with magic short circuit

Round 0 time: 0.413026s
Round 0 approximation ratio: 0.012829

Round 1 time: 0.406086s
Round 1 approximation ratio: 0.012766

Round 2 time: 0.405452s
Round 2 approximation ratio: 0.012900

Round 3 time: 0.403865s
Round 3 approximation ratio: 0.012774

Round 4 time: 0.403033s
Round 4 approximation ratio: 0.012908

Average time: 0.406292s, Average approx ratio: 0.012836, Max approx ratio: 0.012908
==============================
n = 1000000, m = 50000, sigma = 100, eps = 0.200, algo = 6

Alg name: Freq prod heuristic with magic short circuit

Round 0 time: 0.255095s
Round 0 approximation ratio: 0.019004

Round 1 time: 0.251129s
Round 1 approximation ratio: 0.019740

Round 2 time: 0.250855s
Round 2 approximation ratio: 0.019782

Round 3 time: 0.250502s
Round 3 approximation ratio: 0.019349

Round 4 time: 0.250917s
Round 4 approximation ratio: 0.020174

Average time: 0.251700s, Average approx ratio: 0.019610, Max approx ratio: 0.020174
==============================
n = 1000000, m = 100000, sigma = 100, eps = 0.200, algo = 6

Alg name: Freq prod heuristic with magic short circuit

Round 0 time: 0.285006s
Round 0 approximation ratio: 0.017171

Round 1 time: 0.281524s
Round 1 approximation ratio: 0.016433

Round 2 time: 0.281484s
Round 2 approximation ratio: 0.016951

Round 3 time: 0.282132s
Round 3 approximation ratio: 0.017169

Round 4 time: 0.281147s
Round 4 approximation ratio: 0.016217

Average time: 0.282259s, Average approx ratio: 0.016788, Max approx ratio: 0.017171
==============================
n = 1000000, m = 250000, sigma = 100, eps = 0.200, algo = 6

Alg name: Freq prod heuristic with magic short circuit

Round 0 time: 0.357847s
Round 0 approximation ratio: 0.014064

Round 1 time: 0.358062s
Round 1 approximation ratio: 0.014275

Round 2 time: 0.359094s
Round 2 approximation ratio: 0.014125

Round 3 time: 0.356082s
Round 3 approximation ratio: 0.014031

Round 4 time: 0.356752s
Round 4 approximation ratio: 0.014101

Average time: 0.357568s, Average approx ratio: 0.014119, Max approx ratio: 0.014275
==============================
n = 1000000, m = 500000, sigma = 4, eps = 0.200, algo = 6

Alg name: Freq prod heuristic with magic short circuit

Round 0 time: 0.272308s
Round 0 approximation ratio: 0.200000

Round 1 time: 0.268764s
Round 1 approximation ratio: 0.200000

Round 2 time: 0.268852s
Round 2 approximation ratio: 0.200000

Round 3 time: 0.270289s
Round 3 approximation ratio: 0.200000

Round 4 time: 0.270489s
Round 4 approximation ratio: 0.200000

Average time: 0.270141s, Average approx ratio: 0.200000, Max approx ratio: 0.200000
==============================
n = 1000000, m = 500000, sigma = 10, eps = 0.200, algo = 6

Alg name: Freq prod heuristic with magic short circuit

Round 0 time: 0.402840s
Round 0 approximation ratio: 0.095884

Round 1 time: 0.400610s
Round 1 approximation ratio: 0.095684

Round 2 time: 0.403792s
Round 2 approximation ratio: 0.095723

Round 3 time: 0.398503s
Round 3 approximation ratio: 0.095784

Round 4 time: 0.399426s
Round 4 approximation ratio: 0.096019

Average time: 0.401034s, Average approx ratio: 0.095819, Max approx ratio: 0.096019
==============================
n = 1000000, m = 500000, sigma = 20, eps = 0.200, algo = 6

Alg name: Freq prod heuristic with magic short circuit

Round 0 time: 0.405496s
Round 0 approximation ratio: 0.051481

Round 1 time: 0.398299s
Round 1 approximation ratio: 0.051276

Round 2 time: 0.397718s
Round 2 approximation ratio: 0.050938

Round 3 time: 0.419119s
Round 3 approximation ratio: 0.051124

Round 4 time: 0.399878s
Round 4 approximation ratio: 0.051260

Average time: 0.404102s, Average approx ratio: 0.051216, Max approx ratio: 0.051481
==============================
n = 1000000, m = 500000, sigma = 40, eps = 0.200, algo = 6

Alg name: Freq prod heuristic with magic short circuit

Round 0 time: 0.400192s
Round 0 approximation ratio: 0.027583

Round 1 time: 0.399581s
Round 1 approximation ratio: 0.027458

Round 2 time: 0.398022s
Round 2 approximation ratio: 0.027271

Round 3 time: 0.399729s
Round 3 approximation ratio: 0.027459

Round 4 time: 0.398927s
Round 4 approximation ratio: 0.027346

Average time: 0.399290s, Average approx ratio: 0.027424, Max approx ratio: 0.027583
==============================
n = 1000000, m = 500000, sigma = 80, eps = 0.200, algo = 6

Alg name: Freq prod heuristic with magic short circuit

Round 0 time: 0.403157s
Round 0 approximation ratio: 0.015222

Round 1 time: 0.400380s
Round 1 approximation ratio: 0.015361

Round 2 time: 0.399805s
Round 2 approximation ratio: 0.015466

Round 3 time: 0.400840s
Round 3 approximation ratio: 0.015590

Round 4 time: 0.399039s
Round 4 approximation ratio: 0.015483

Average time: 0.400644s, Average approx ratio: 0.015424, Max approx ratio: 0.015590
==============================
n = 1000000, m = 500000, sigma = 160, eps = 0.200, algo = 6

Alg name: Freq prod heuristic with magic short circuit

Round 0 time: 0.402713s
Round 0 approximation ratio: 0.009346

Round 1 time: 0.407532s
Round 1 approximation ratio: 0.009383

Round 2 time: 0.408289s
Round 2 approximation ratio: 0.009169

Round 3 time: 0.402403s
Round 3 approximation ratio: 0.009161

Round 4 time: 0.398842s
Round 4 approximation ratio: 0.009031

Average time: 0.403956s, Average approx ratio: 0.009218, Max approx ratio: 0.009383
==============================
n = 1000000, m = 500000, sigma = 320, eps = 0.200, algo = 6

Alg name: Freq prod heuristic with magic short circuit

Round 0 time: 0.401027s
Round 0 approximation ratio: 0.006006

Round 1 time: 0.398574s
Round 1 approximation ratio: 0.006117

Round 2 time: 0.401818s
Round 2 approximation ratio: 0.006198

Round 3 time: 0.399324s
Round 3 approximation ratio: 0.006064

Round 4 time: 0.399492s
Round 4 approximation ratio: 0.006095

Average time: 0.400047s, Average approx ratio: 0.006096, Max approx ratio: 0.006198
==============================
n = 1000000, m = 500000, sigma = 640, eps = 0.200, algo = 6

Alg name: Freq prod heuristic with magic short circuit

Round 0 time: 0.401599s
Round 0 approximation ratio: 0.004785

Round 1 time: 0.398378s
Round 1 approximation ratio: 0.004299

Round 2 time: 0.399079s
Round 2 approximation ratio: 0.004515

Round 3 time: 0.399891s
Round 3 approximation ratio: 0.004477

Round 4 time: 0.398342s
Round 4 approximation ratio: 0.004745

Average time: 0.399458s, Average approx ratio: 0.004564, Max approx ratio: 0.004785
==============================
n = 1000000, m = 500000, sigma = 1280, eps = 0.200, algo = 6

Alg name: Freq prod heuristic with magic short circuit

Round 0 time: 0.404407s
Round 0 approximation ratio: 0.003757

Round 1 time: 0.399849s
Round 1 approximation ratio: 0.003669

Round 2 time: 0.435111s
Round 2 approximation ratio: 0.003919

Round 3 time: 0.404228s
Round 3 approximation ratio: 0.003843

Round 4 time: 0.399481s
Round 4 approximation ratio: 0.003801

Average time: 0.408615s, Average approx ratio: 0.003798, Max approx ratio: 0.003919
==============================
n = 1000000, m = 500000, sigma = 100, eps = 0.050, algo = 6

Alg name: Freq prod heuristic with magic short circuit

Round 0 time: 1.393254s
Round 0 approximation ratio: 0.011024

Round 1 time: 1.391110s
Round 1 approximation ratio: 0.011089

Round 2 time: 1.381824s
Round 2 approximation ratio: 0.011061

Round 3 time: 1.390004s
Round 3 approximation ratio: 0.011107

Round 4 time: 1.380605s
Round 4 approximation ratio: 0.011008

Average time: 1.387359s, Average approx ratio: 0.011058, Max approx ratio: 0.011107
==============================
n = 1000000, m = 500000, sigma = 100, eps = 0.100, algo = 6

Alg name: Freq prod heuristic with magic short circuit

Round 0 time: 0.730199s
Round 0 approximation ratio: 0.012141

Round 1 time: 0.741080s
Round 1 approximation ratio: 0.011964

Round 2 time: 0.734252s
Round 2 approximation ratio: 0.011834

Round 3 time: 0.747238s
Round 3 approximation ratio: 0.011985

Round 4 time: 0.730380s
Round 4 approximation ratio: 0.012056

Average time: 0.736630s, Average approx ratio: 0.011996, Max approx ratio: 0.012141
==============================
n = 1000000, m = 500000, sigma = 100, eps = 0.350, algo = 6

Alg name: Freq prod heuristic with magic short circuit

Round 0 time: 0.272946s
Round 0 approximation ratio: 0.026557

Round 1 time: 0.268684s
Round 1 approximation ratio: 0.026729

Round 2 time: 0.269025s
Round 2 approximation ratio: 0.026584

Round 3 time: 0.269038s
Round 3 approximation ratio: 0.026618

Round 4 time: 0.270693s
Round 4 approximation ratio: 0.026438

Average time: 0.270077s, Average approx ratio: 0.026585, Max approx ratio: 0.026729
==============================
n = 1000000, m = 500000, sigma = 100, eps = 0.500, algo = 6

Alg name: Freq prod heuristic with magic short circuit

Round 0 time: 0.207272s
Round 0 approximation ratio: 0.014823

Round 1 time: 0.204161s
Round 1 approximation ratio: 0.014707

Round 2 time: 0.204099s
Round 2 approximation ratio: 0.014826

Round 3 time: 0.206076s
Round 3 approximation ratio: 0.014679

Round 4 time: 0.203577s
Round 4 approximation ratio: 0.014833

Average time: 0.205037s, Average approx ratio: 0.014774, Max approx ratio: 0.014833
