==============================
n = 50000, m = 25000, sigma = 100, eps = 0.350, algo = 0

Alg name: Brute force

Round 0 time: 0.078901s
Round 0 approximation ratio: 0.000000

Round 1 time: 0.074228s
Round 1 approximation ratio: 0.000000

Round 2 time: 0.074358s
Round 2 approximation ratio: 0.000000

Average time: 0.075829s, Average approx ratio: 0.000000, Max approx ratio: 0.000000
==============================
n = 200000, m = 100000, sigma = 100, eps = 0.350, algo = 0

Alg name: Brute force

Round 0 time: 1.223451s
Round 0 approximation ratio: 0.000000

Round 1 time: 1.180365s
Round 1 approximation ratio: 0.000000

Round 2 time: 1.253724s
Round 2 approximation ratio: 0.000000

Average time: 1.219180s, Average approx ratio: 0.000000, Max approx ratio: 0.000000
==============================
n = 1000000, m = 500000, sigma = 100, eps = 0.350, algo = 0

Alg name: Brute force

Round 0 time: 35.158457s
Round 0 approximation ratio: 0.000000

Round 1 time: 35.021744s
Round 1 approximation ratio: 0.000000

Round 2 time: 34.865552s
Round 2 approximation ratio: 0.000000

Average time: 35.015251s, Average approx ratio: 0.000000, Max approx ratio: 0.000000
==============================
n = 1000000, m = 50000, sigma = 100, eps = 0.350, algo = 0

Alg name: Brute force

Round 0 time: 5.555922s
Round 0 approximation ratio: 0.000000

Round 1 time: 5.554728s
Round 1 approximation ratio: 0.000000

Round 2 time: 5.554292s
Round 2 approximation ratio: 0.000000

Average time: 5.554981s, Average approx ratio: 0.000000, Max approx ratio: 0.000000
==============================
n = 1000000, m = 100000, sigma = 100, eps = 0.350, algo = 0

Alg name: Brute force

Round 0 time: 10.697585s
Round 0 approximation ratio: 0.000000

Round 1 time: 10.801548s
Round 1 approximation ratio: 0.000000

Round 2 time: 10.744627s
Round 2 approximation ratio: 0.000000

Average time: 10.747920s, Average approx ratio: 0.000000, Max approx ratio: 0.000000
==============================
n = 1000000, m = 250000, sigma = 100, eps = 0.350, algo = 0

Alg name: Brute force

Round 0 time: 25.837307s
Round 0 approximation ratio: 0.000000

Round 1 time: 25.862317s
Round 1 approximation ratio: 0.000000

Round 2 time: 25.914629s
Round 2 approximation ratio: 0.000000

Average time: 25.871418s, Average approx ratio: 0.000000, Max approx ratio: 0.000000
==============================
n = 1000000, m = 500000, sigma = 4, eps = 0.350, algo = 0

Alg name: Brute force

Round 0 time: 34.972049s
Round 0 approximation ratio: 0.000000

Round 1 time: 35.142730s
Round 1 approximation ratio: 0.000000

Round 2 time: 35.165938s
Round 2 approximation ratio: 0.000000

Average time: 35.093572s, Average approx ratio: 0.000000, Max approx ratio: 0.000000
==============================
n = 1000000, m = 500000, sigma = 10, eps = 0.350, algo = 0

Alg name: Brute force

Round 0 time: 35.254694s
Round 0 approximation ratio: 0.000000

Round 1 time: 35.905178s
Round 1 approximation ratio: 0.000000

Round 2 time: 34.824658s
Round 2 approximation ratio: 0.000000

Average time: 35.328176s, Average approx ratio: 0.000000, Max approx ratio: 0.000000
==============================
n = 1000000, m = 500000, sigma = 20, eps = 0.350, algo = 0

Alg name: Brute force

Round 0 time: 34.975085s
Round 0 approximation ratio: 0.000000

Round 1 time: 34.925689s
Round 1 approximation ratio: 0.000000

Round 2 time: 34.769893s
Round 2 approximation ratio: 0.000000

Average time: 34.890222s, Average approx ratio: 0.000000, Max approx ratio: 0.000000
==============================
n = 1000000, m = 500000, sigma = 40, eps = 0.350, algo = 0

Alg name: Brute force

Round 0 time: 34.784274s
Round 0 approximation ratio: 0.000000

Round 1 time: 35.159531s
Round 1 approximation ratio: 0.000000

Round 2 time: 34.476292s
Round 2 approximation ratio: 0.000000

Average time: 34.806699s, Average approx ratio: 0.000000, Max approx ratio: 0.000000
==============================
n = 1000000, m = 500000, sigma = 80, eps = 0.350, algo = 0

Alg name: Brute force

Round 0 time: 35.175391s
Round 0 approximation ratio: 0.000000

Round 1 time: 35.041822s
Round 1 approximation ratio: 0.000000

Round 2 time: 34.872288s
Round 2 approximation ratio: 0.000000

Average time: 35.029834s, Average approx ratio: 0.000000, Max approx ratio: 0.000000
==============================
n = 1000000, m = 500000, sigma = 160, eps = 0.350, algo = 0

Alg name: Brute force

Round 0 time: 35.236478s
Round 0 approximation ratio: 0.000000

Round 1 time: 35.264161s
Round 1 approximation ratio: 0.000000

Round 2 time: 35.060847s
Round 2 approximation ratio: 0.000000

Average time: 35.187162s, Average approx ratio: 0.000000, Max approx ratio: 0.000000
==============================
n = 1000000, m = 500000, sigma = 320, eps = 0.350, algo = 0

Alg name: Brute force

Round 0 time: 34.879201s
Round 0 approximation ratio: 0.000000

Round 1 time: 34.831985s
Round 1 approximation ratio: 0.000000

Round 2 time: 34.791251s
Round 2 approximation ratio: 0.000000

Average time: 34.834146s, Average approx ratio: 0.000000, Max approx ratio: 0.000000
==============================
n = 1000000, m = 500000, sigma = 640, eps = 0.350, algo = 0

Alg name: Brute force

Round 0 time: 34.834006s
Round 0 approximation ratio: 0.000000

Round 1 time: 34.880680s
Round 1 approximation ratio: 0.000000

Round 2 time: 35.540481s
Round 2 approximation ratio: 0.000000

Average time: 35.085055s, Average approx ratio: 0.000000, Max approx ratio: 0.000000
==============================
n = 1000000, m = 500000, sigma = 1280, eps = 0.350, algo = 0

Alg name: Brute force

Round 0 time: 34.834095s
Round 0 approximation ratio: 0.000000

Round 1 time: 34.781775s
Round 1 approximation ratio: 0.000000

Round 2 time: 34.797128s
Round 2 approximation ratio: 0.000000

Average time: 34.804333s, Average approx ratio: 0.000000, Max approx ratio: 0.000000
==============================
n = 1000000, m = 500000, sigma = 100, eps = 0.050, algo = 0

Alg name: Brute force

Round 0 time: 34.219703s
Round 0 approximation ratio: 0.000000

Round 1 time: 35.058332s
Round 1 approximation ratio: 0.000000

Round 2 time: 34.593712s
Round 2 approximation ratio: 0.000000

Average time: 34.623916s, Average approx ratio: 0.000000, Max approx ratio: 0.000000
==============================
n = 1000000, m = 500000, sigma = 100, eps = 0.100, algo = 0

Alg name: Brute force

Round 0 time: 34.766899s
Round 0 approximation ratio: 0.000000

Round 1 time: 34.838117s
Round 1 approximation ratio: 0.000000

Round 2 time: 34.846534s
Round 2 approximation ratio: 0.000000

Average time: 34.817183s, Average approx ratio: 0.000000, Max approx ratio: 0.000000
==============================
n = 1000000, m = 500000, sigma = 100, eps = 0.200, algo = 0

Alg name: Brute force

Round 0 time: 34.752596s
Round 0 approximation ratio: 0.000000

Round 1 time: 34.585199s
Round 1 approximation ratio: 0.000000

Round 2 time: 34.917379s
Round 2 approximation ratio: 0.000000

Average time: 34.751725s, Average approx ratio: 0.000000, Max approx ratio: 0.000000
==============================
n = 1000000, m = 500000, sigma = 100, eps = 0.500, algo = 0

Alg name: Brute force

Round 0 time: 34.988366s
Round 0 approximation ratio: 0.000000

Round 1 time: 34.670766s
Round 1 approximation ratio: 0.000000

Round 2 time: 34.842523s
Round 2 approximation ratio: 0.000000

Average time: 34.833885s, Average approx ratio: 0.000000, Max approx ratio: 0.000000
